{
  "doubleField": 0.7231742029971469,
  "floatField": 0.72317415,
  "int32Field": -1188957731,
  "int64Field": "-5106534569952410475",
  "uint32Field": 1018954901,
  "uint64Field": "18278858343184593066",
  "sint32Field": -39088943,
  "sint64Field": "4672433029010564658",
  "fixed32Field": 1295249578,
  "fixed64Field": "11230384575778000698",
  "sfixed32Field": 1087885590,
  "sfixed64Field": "-3581075550420886390",
  "boolField": true,
  "stringField": "wfysMorQydIqGYRUlpQKiThs",
  "bytesField": "x6rbSQCEiG0CRP7T1lpy5ztzPdBQp2Nc17Ky67pCh2o\u003d",
  "enumField": "FOURTH_VALUE",
  "stringValueField": "DLdnQAjfMAMqWBbmdqFVGBNAsVMBZX",
  "repeatedStringField": [
    "uqeR",
    "xeALpCKsidonlgHXijBfJedQ",
    "dIJOUAsmsiT",
    "nXUgIOWlHgQsd",
    "AJVH",
    "WuGaTPB"
  ],
  "embeddedMessage": {
    "stringField": "NuGSIFWDPVPqKClkqNpxLIRO",
    "enumField": "FOURTH_VALUE"
  },
  "mapField": {
    "bWyqZZW": {
      "stringField": "VHDVUmbGkUT",
      "enumField": "FOURTH_VALUE"
    },
    "nNRZPqiaU": {
      "stringField": "mHKUfYwqKVzveNwvtrIpEXTGHGRQJNs",
      "enumField": "FOURTH_VALUE"
    },
    "FcoiXCbvfaJXRzsMllsopqaJh": {
      "stringField": "YBTARDDDrSwFSHmNX",
      "enumField": "FOURTH_VALUE"
    },
    "DVyBRHiWPJatSdNzatqkrizSJt": {
      "stringField": "icGCIWconEqfjMkTIXxfQZMbb",
      "enumField": "FOURTH_VALUE"
    },
    "mLshLqJDvaJhHaENetorIWXAd": {
      "stringField": "vhiotolLv",
      "enumField": "FOURTH_VALUE"
    },
    "paSSutMq": {
      "stringField": "XGuNCDmWzZRRlKaKmBWdDVYUKNmkE",
      "enumField": "FOURTH_VALUE"
    },
    "iICUdETo": {
      "stringField": "ophbOzzmYlQLyJkimc",
      "enumField": "FOURTH_VALUE"
    }
  },
  "firstChoice": 0.9908988967772393
}