{
  "doubleField": 0.7231742029971469,
  "floatField": 0.72317415,
  "int32Field": -1188957731,
  "int64Field": "-5106534569952410475",
  "uint32Field": 1018954901,
  "uint64Field": "18278858343184593066",
  "sint32Field": -39088943,
  "sint64Field": "4672433029010564658",
  "fixed32Field": 1295249578,
  "fixed64Field": "11230384575778000698",
  "sfixed32Field": 1087885590,
  "sfixed64Field": "-3581075550420886390",
  "boolField": true,
  "stringField": "eOMtThyhVNLWUZNRcBaQKxI",
  "bytesField": "3fEhuZUEvDzRjKv9qvAzTRbR10AyJvqSRVfamzoPRkI\u003d",
  "enumField": "FOURTH_VALUE",
  "stringValueField": "yedUsFwdkelQbxeTeQOvaScfqIOOmaa",
  "repeatedStringField": [
    "JxkyvRnL",
    "RYtGKbgicZaHCBRQDSx",
    "VLhpfQGTMDYpsBZxvfBoeygjb",
    "UMaAIKKIkknjWEXJUfPxxQHeWKEJ",
    "dpHYZGhtgdntugzvvKAXLhM",
    "LlN"
  ],
  "embeddedMessage": {
    "stringField": "gNfZBdyFGRajVfJNonEnOinZj",
    "enumField": "FOURTH_VALUE"
  },
  "mapField": {
    "UfzQhdgLLfDTDGspDb": {
      "stringField": "QvBQYuxiXXVytGCxzVllpgTJKhRQq",
      "enumField": "THIRD_VALUE"
    },
    "qszYL": {
      "stringField": "YdvDhtAsLghPXAgtbprXPZkhnfLTBSX",
      "enumField": "FOURTH_VALUE"
    },
    "sPB": {
      "stringField": "Oxm",
      "enumField": "THIRD_VALUE"
    },
    "QIn": {
      "stringField": "yIvpRgmgQsYEKk",
      "enumField": "THIRD_VALUE"
    },
    "AAAryjCRhLTuhnTodUewZQqaZErU": {
      "stringField": "aofGvthLoyPLDADYzx",
      "enumField": "FOURTH_VALUE"
    }
  },
  "firstChoice": 0.9908988967772393
}